[
	[
		[
			4,
			4,
			4,
			4,
			4,
			4,
			4,
			4,
			4,
			4,
			4,
			4,
			4,
			4,
			4,
			4,
			4,
			4,
			4,
			4,
			4,
			4,
			4,
			4,
			4,
			4,
			4,
			4,
			4,
			4,
			4,
			4
		],
		[
			4,
			4,
			4,
			4,
			4,
			4,
			4,
			4,
			4,
			4,
			4,
			4,
			4,
			4,
			4,
			4,
			4,
			4,
			4,
			4,
			4,
			4,
			4,
			4,
			4,
			4,
			4,
			4,
			4,
			4,
			4,
			4
		],
		[
			4,
			4,
			4,
			4,
			4,
			4,
			4,
			4,
			4,
			4,
			4,
			4,
			4,
			4,
			4,
			4,
			4,
			4,
			4,
			4,
			4,
			4,
			4,
			4,
			4,
			4,
			4,
			4,
			4,
			4,
			4,
			4
		],
		[
			4,
			4,
			4,
			4,
			4,
			4,
			4,
			4,
			4,
			4,
			4,
			4,
			4,
			4,
			4,
			4,
			4,
			4,
			4,
			4,
			4,
			4,
			4,
			4,
			4,
			4,
			4,
			4,
			4,
			4,
			4,
			4
		],
		[
			4,
			4,
			4,
			4,
			4,
			4,
			4,
			4,
			4,
			4,
			4,
			4,
			4,
			4,
			4,
			4,
			4,
			4,
			4,
			4,
			4,
			4,
			4,
			4,
			4,
			4,
			4,
			4,
			4,
			4,
			4,
			4
		],
		[
			4,
			4,
			4,
			4,
			4,
			4,
			4,
			4,
			4,
			4,
			4,
			4,
			4,
			4,
			4,
			4,
			4,
			4,
			4,
			4,
			4,
			4,
			4,
			4,
			4,
			4,
			4,
			4,
			4,
			4,
			4,
			4
		],
		[
			4,
			4,
			4,
			4,
			4,
			4,
			4,
			4,
			4,
			4,
			4,
			4,
			4,
			4,
			4,
			4,
			4,
			4,
			4,
			4,
			4,
			4,
			4,
			4,
			4,
			4,
			4,
			4,
			4,
			4,
			4,
			4
		],
		[
			4,
			4,
			4,
			4,
			4,
			4,
			4,
			4,
			4,
			4,
			4,
			4,
			4,
			4,
			4,
			4,
			4,
			4,
			4,
			4,
			4,
			4,
			4,
			4,
			4,
			4,
			4,
			4,
			4,
			4,
			4,
			4
		],
		[
			4,
			4,
			4,
			4,
			4,
			4,
			4,
			4,
			4,
			4,
			4,
			4,
			4,
			4,
			4,
			4,
			4,
			4,
			4,
			4,
			4,
			4,
			4,
			4,
			4,
			4,
			4,
			4,
			4,
			4,
			4,
			4
		],
		[
			4,
			4,
			4,
			4,
			4,
			4,
			4,
			4,
			4,
			4,
			4,
			4,
			4,
			4,
			4,
			4,
			4,
			4,
			4,
			4,
			4,
			4,
			4,
			4,
			4,
			4,
			4,
			4,
			4,
			4,
			4,
			4
		],
		[
			4,
			4,
			4,
			4,
			4,
			4,
			4,
			4,
			4,
			4,
			4,
			4,
			4,
			4,
			4,
			4,
			4,
			4,
			4,
			4,
			4,
			4,
			4,
			4,
			4,
			4,
			4,
			4,
			4,
			4,
			4,
			4
		],
		[
			4,
			4,
			4,
			4,
			4,
			4,
			4,
			4,
			4,
			4,
			4,
			4,
			4,
			4,
			4,
			4,
			4,
			4,
			4,
			4,
			4,
			4,
			4,
			4,
			4,
			4,
			4,
			4,
			4,
			4,
			4,
			4
		],
		[
			4,
			4,
			4,
			4,
			4,
			4,
			4,
			4,
			4,
			4,
			4,
			4,
			4,
			4,
			4,
			4,
			4,
			4,
			4,
			4,
			4,
			4,
			4,
			4,
			4,
			4,
			4,
			4,
			4,
			4,
			4,
			4
		],
		[
			4,
			4,
			4,
			4,
			4,
			4,
			4,
			4,
			4,
			4,
			4,
			4,
			4,
			4,
			4,
			4,
			4,
			4,
			4,
			4,
			4,
			4,
			4,
			4,
			4,
			4,
			4,
			4,
			4,
			4,
			4,
			4
		],
		[
			4,
			4,
			4,
			4,
			4,
			4,
			4,
			4,
			4,
			4,
			4,
			4,
			4,
			4,
			4,
			4,
			4,
			4,
			4,
			4,
			4,
			4,
			4,
			4,
			4,
			4,
			4,
			4,
			4,
			4,
			4,
			4
		],
		[
			4,
			4,
			4,
			4,
			4,
			4,
			4,
			4,
			4,
			4,
			4,
			4,
			4,
			4,
			4,
			4,
			4,
			4,
			4,
			4,
			4,
			4,
			4,
			4,
			4,
			4,
			4,
			4,
			4,
			4,
			4,
			4
		],
		[
			4,
			4,
			4,
			4,
			4,
			4,
			4,
			4,
			4,
			4,
			4,
			4,
			4,
			4,
			4,
			4,
			4,
			4,
			4,
			4,
			4,
			4,
			4,
			4,
			4,
			4,
			4,
			4,
			4,
			4,
			4,
			4
		],
		[
			4,
			4,
			4,
			4,
			4,
			4,
			4,
			4,
			4,
			4,
			4,
			4,
			4,
			4,
			4,
			4,
			4,
			4,
			4,
			4,
			4,
			4,
			4,
			4,
			4,
			4,
			4,
			4,
			4,
			4,
			4,
			4
		],
		[
			4,
			4,
			4,
			4,
			4,
			4,
			4,
			4,
			4,
			4,
			4,
			4,
			4,
			4,
			4,
			4,
			4,
			4,
			4,
			4,
			4,
			4,
			4,
			4,
			4,
			4,
			4,
			4,
			4,
			4,
			4,
			4
		],
		[
			4,
			4,
			4,
			4,
			4,
			4,
			4,
			4,
			4,
			4,
			4,
			4,
			4,
			4,
			4,
			4,
			4,
			4,
			4,
			4,
			4,
			4,
			4,
			4,
			4,
			4,
			4,
			4,
			4,
			4,
			4,
			4
		],
		[
			4,
			4,
			4,
			4,
			4,
			4,
			4,
			4,
			4,
			4,
			4,
			4,
			4,
			4,
			4,
			4,
			4,
			4,
			4,
			4,
			4,
			4,
			4,
			4,
			4,
			4,
			4,
			4,
			4,
			4,
			4,
			4
		],
		[
			4,
			4,
			4,
			4,
			4,
			4,
			4,
			4,
			4,
			4,
			4,
			4,
			4,
			4,
			4,
			4,
			4,
			4,
			4,
			4,
			4,
			4,
			4,
			4,
			4,
			4,
			4,
			4,
			4,
			4,
			4,
			4
		],
		[
			4,
			4,
			4,
			4,
			4,
			4,
			4,
			4,
			4,
			4,
			4,
			4,
			4,
			4,
			4,
			4,
			4,
			4,
			4,
			4,
			4,
			4,
			4,
			4,
			4,
			4,
			4,
			4,
			4,
			4,
			4,
			4
		],
		[
			4,
			4,
			4,
			4,
			4,
			4,
			4,
			4,
			4,
			4,
			4,
			4,
			4,
			4,
			4,
			4,
			4,
			4,
			4,
			4,
			4,
			4,
			4,
			4,
			4,
			4,
			4,
			4,
			4,
			4,
			4,
			4
		],
		[
			4,
			4,
			4,
			4,
			4,
			4,
			4,
			4,
			4,
			4,
			4,
			4,
			4,
			4,
			4,
			4,
			4,
			4,
			4,
			4,
			4,
			4,
			4,
			4,
			4,
			4,
			4,
			4,
			4,
			4,
			4,
			4
		],
		[
			4,
			4,
			4,
			4,
			4,
			4,
			4,
			4,
			4,
			4,
			4,
			4,
			4,
			4,
			4,
			4,
			4,
			4,
			4,
			4,
			4,
			4,
			4,
			4,
			4,
			4,
			4,
			4,
			4,
			4,
			4,
			4
		],
		[
			4,
			4,
			4,
			4,
			4,
			4,
			4,
			4,
			4,
			4,
			4,
			4,
			4,
			4,
			4,
			4,
			4,
			4,
			4,
			4,
			4,
			4,
			4,
			4,
			4,
			4,
			4,
			4,
			4,
			4,
			4,
			4
		],
		[
			4,
			4,
			4,
			4,
			4,
			4,
			4,
			4,
			4,
			4,
			4,
			4,
			4,
			4,
			4,
			4,
			4,
			4,
			4,
			4,
			4,
			4,
			4,
			4,
			4,
			4,
			4,
			4,
			4,
			4,
			4,
			4
		],
		[
			4,
			4,
			4,
			4,
			4,
			4,
			4,
			4,
			4,
			4,
			4,
			4,
			4,
			4,
			4,
			4,
			4,
			4,
			4,
			4,
			4,
			4,
			4,
			4,
			4,
			4,
			4,
			4,
			4,
			4,
			4,
			4
		],
		[
			4,
			4,
			4,
			4,
			4,
			4,
			4,
			4,
			4,
			4,
			4,
			4,
			4,
			4,
			4,
			4,
			4,
			4,
			4,
			4,
			4,
			4,
			4,
			4,
			4,
			4,
			4,
			4,
			4,
			4,
			4,
			4
		],
		[
			4,
			4,
			4,
			4,
			4,
			4,
			4,
			4,
			4,
			4,
			4,
			4,
			4,
			4,
			4,
			4,
			4,
			4,
			4,
			4,
			4,
			4,
			4,
			4,
			4,
			4,
			4,
			4,
			4,
			4,
			4,
			4
		],
		[
			4,
			4,
			4,
			4,
			4,
			4,
			4,
			4,
			4,
			4,
			4,
			4,
			4,
			4,
			4,
			4,
			4,
			4,
			4,
			4,
			4,
			4,
			4,
			4,
			4,
			4,
			4,
			4,
			4,
			4,
			4,
			4
		]
	],
	[
		[
			1169,
			1169,
			1169,
			1169,
			1169,
			1169,
			1169,
			1169,
			1169,
			1169,
			1169,
			1169,
			1169,
			1169,
			1169,
			1169,
			1169,
			1169,
			1169,
			1169,
			1169,
			1169,
			372,
			369,
			369,
			369,
			369,
			369,
			369,
			369,
			369,
			373
		],
		[
			1177,
			1177,
			1177,
			1177,
			1177,
			1177,
			1177,
			1177,
			1177,
			1177,
			1177,
			1177,
			1177,
			1177,
			1177,
			1177,
			1177,
			1177,
			1177,
			1177,
			1177,
			1177,
			380,
			377,
			377,
			377,
			377,
			377,
			377,
			377,
			377,
			381
		],
		[
			-1,
			-1,
			-1,
			-1,
			-1,
			-1,
			-1,
			-1,
			-1,
			-1,
			-1,
			-1,
			-1,
			-1,
			-1,
			290,
			290,
			290,
			-1,
			-1,
			-1,
			-1,
			-1,
			-1,
			-1,
			-1,
			-1,
			-1,
			-1,
			-1,
			-1,
			-1
		],
		[
			-1,
			532,
			529,
			529,
			529,
			529,
			529,
			529,
			529,
			533,
			-1,
			-1,
			-1,
			-1,
			-1,
			290,
			290,
			290,
			-1,
			-1,
			-1,
			-1,
			368,
			369,
			369,
			369,
			369,
			369,
			368,
			369,
			370,
			370
		],
		[
			-1,
			532,
			529,
			529,
			529,
			529,
			529,
			529,
			529,
			533,
			-1,
			-1,
			-1,
			-1,
			-1,
			290,
			290,
			290,
			-1,
			-1,
			-1,
			-1,
			376,
			377,
			377,
			377,
			377,
			377,
			376,
			377,
			378,
			378
		],
		[
			-1,
			532,
			529,
			529,
			529,
			529,
			529,
			529,
			529,
			533,
			-1,
			-1,
			-1,
			-1,
			-1,
			290,
			290,
			290,
			-1,
			-1,
			-1,
			-1,
			-1,
			-1,
			-1,
			866,
			864,
			865,
			-1,
			-1,
			866,
			-1
		],
		[
			-1,
			532,
			529,
			529,
			529,
			529,
			529,
			529,
			529,
			533,
			-1,
			-1,
			-1,
			-1,
			-1,
			290,
			290,
			290,
			-1,
			-1,
			-1,
			-1,
			-1,
			-1,
			-1,
			-1,
			-1,
			-1,
			-1,
			-1,
			-1,
			-1
		],
		[
			-1,
			532,
			529,
			529,
			529,
			532,
			529,
			529,
			529,
			530,
			-1,
			-1,
			-1,
			-1,
			-1,
			290,
			290,
			290,
			-1,
			-1,
			-1,
			-1,
			-1,
			-1,
			-1,
			-1,
			-1,
			-1,
			-1,
			-1,
			-1,
			-1
		],
		[
			-1,
			532,
			529,
			529,
			529,
			532,
			529,
			529,
			529,
			530,
			-1,
			-1,
			-1,
			-1,
			298,
			298,
			298,
			298,
			298,
			-1,
			-1,
			-1,
			-1,
			-1,
			-1,
			-1,
			-1,
			-1,
			-1,
			-1,
			-1,
			-1
		],
		[
			-1,
			540,
			537,
			537,
			537,
			532,
			529,
			529,
			529,
			530,
			-1,
			-1,
			-1,
			-1,
			298,
			298,
			298,
			298,
			298,
			290,
			290,
			290,
			290,
			290,
			290,
			290,
			290,
			290,
			290,
			290,
			290,
			290
		],
		[
			-1,
			-1,
			-1,
			-1,
			-1,
			532,
			529,
			529,
			529,
			530,
			-1,
			-1,
			-1,
			-1,
			298,
			298,
			298,
			298,
			298,
			290,
			290,
			290,
			290,
			290,
			290,
			290,
			290,
			290,
			290,
			290,
			290,
			290
		],
		[
			-1,
			528,
			529,
			529,
			530,
			532,
			529,
			529,
			529,
			530,
			-1,
			-1,
			-1,
			-1,
			298,
			298,
			298,
			298,
			298,
			290,
			290,
			290,
			290,
			290,
			290,
			290,
			290,
			290,
			290,
			290,
			290,
			290
		],
		[
			-1,
			528,
			529,
			529,
			530,
			532,
			529,
			529,
			529,
			530,
			-1,
			-1,
			-1,
			-1,
			298,
			298,
			298,
			298,
			298,
			-1,
			-1,
			-1,
			-1,
			-1,
			-1,
			-1,
			-1,
			-1,
			-1,
			-1,
			-1,
			-1
		],
		[
			-1,
			528,
			529,
			529,
			530,
			540,
			537,
			537,
			537,
			538,
			-1,
			-1,
			-1,
			-1,
			-1,
			290,
			290,
			290,
			-1,
			-1,
			-1,
			-1,
			-1,
			-1,
			-1,
			-1,
			-1,
			-1,
			-1,
			-1,
			-1,
			-1
		],
		[
			-1,
			528,
			529,
			529,
			530,
			857,
			-1,
			-1,
			-1,
			-1,
			-1,
			-1,
			-1,
			-1,
			-1,
			290,
			290,
			290,
			-1,
			-1,
			-1,
			-1,
			-1,
			-1,
			-1,
			-1,
			-1,
			-1,
			-1,
			-1,
			-1,
			-1
		],
		[
			-1,
			528,
			529,
			529,
			530,
			856,
			-1,
			-1,
			-1,
			-1,
			532,
			529,
			529,
			533,
			-1,
			290,
			290,
			290,
			-1,
			-1,
			-1,
			-1,
			-1,
			-1,
			-1,
			-1,
			-1,
			-1,
			-1,
			-1,
			-1,
			-1
		],
		[
			-1,
			528,
			529,
			529,
			530,
			857,
			-1,
			-1,
			-1,
			-1,
			532,
			529,
			529,
			533,
			-1,
			290,
			290,
			290,
			-1,
			-1,
			-1,
			-1,
			-1,
			-1,
			-1,
			-1,
			-1,
			-1,
			-1,
			-1,
			-1,
			-1
		],
		[
			-1,
			536,
			537,
			537,
			538,
			-1,
			-1,
			-1,
			-1,
			-1,
			532,
			529,
			529,
			533,
			-1,
			290,
			290,
			290,
			-1,
			-1,
			-1,
			-1,
			-1,
			-1,
			-1,
			-1,
			-1,
			-1,
			-1,
			-1,
			-1,
			-1
		],
		[
			-1,
			-1,
			-1,
			-1,
			-1,
			-1,
			-1,
			-1,
			-1,
			-1,
			532,
			529,
			529,
			533,
			-1,
			290,
			290,
			290,
			-1,
			-1,
			-1,
			-1,
			-1,
			-1,
			-1,
			-1,
			-1,
			-1,
			-1,
			-1,
			-1,
			-1
		],
		[
			-1,
			-1,
			-1,
			-1,
			-1,
			532,
			529,
			529,
			529,
			529,
			532,
			529,
			529,
			533,
			-1,
			290,
			290,
			290,
			-1,
			-1,
			-1,
			-1,
			-1,
			1768,
			1769,
			1769,
			1769,
			1769,
			1769,
			1769,
			1770,
			-1
		],
		[
			-1,
			-1,
			-1,
			-1,
			-1,
			532,
			529,
			529,
			529,
			529,
			532,
			529,
			529,
			533,
			-1,
			290,
			290,
			290,
			-1,
			-1,
			-1,
			-1,
			-1,
			1776,
			1777,
			1777,
			1777,
			1777,
			1777,
			1777,
			1778,
			-1
		],
		[
			-1,
			-1,
			-1,
			-1,
			-1,
			532,
			529,
			529,
			529,
			529,
			540,
			537,
			537,
			541,
			-1,
			290,
			290,
			290,
			-1,
			-1,
			-1,
			-1,
			-1,
			1776,
			1777,
			1777,
			1777,
			1777,
			1777,
			1777,
			1778,
			-1
		],
		[
			-1,
			-1,
			-1,
			-1,
			-1,
			532,
			529,
			529,
			529,
			529,
			-1,
			-1,
			-1,
			-1,
			-1,
			290,
			290,
			290,
			-1,
			-1,
			-1,
			-1,
			-1,
			1776,
			1777,
			1777,
			1777,
			1777,
			1777,
			1777,
			1778,
			-1
		],
		[
			-1,
			-1,
			-1,
			-1,
			-1,
			528,
			529,
			529,
			529,
			529,
			529,
			529,
			529,
			530,
			-1,
			290,
			290,
			290,
			290,
			290,
			290,
			290,
			-1,
			1784,
			1785,
			1785,
			1785,
			1785,
			1785,
			1785,
			1786,
			-1
		],
		[
			-1,
			-1,
			-1,
			-1,
			-1,
			528,
			529,
			529,
			529,
			529,
			529,
			529,
			529,
			530,
			-1,
			290,
			290,
			290,
			290,
			290,
			290,
			290,
			-1,
			-1,
			-1,
			-1,
			-1,
			-1,
			-1,
			-1,
			-1,
			-1
		],
		[
			-1,
			-1,
			-1,
			-1,
			-1,
			528,
			529,
			529,
			529,
			529,
			529,
			529,
			529,
			530,
			-1,
			290,
			290,
			290,
			-1,
			-1,
			290,
			290,
			-1,
			-1,
			-1,
			-1,
			-1,
			-1,
			-1,
			-1,
			-1,
			-1
		],
		[
			-1,
			-1,
			-1,
			-1,
			-1,
			528,
			529,
			529,
			529,
			529,
			529,
			529,
			529,
			530,
			-1,
			290,
			290,
			290,
			-1,
			-1,
			290,
			290,
			-1,
			-1,
			-1,
			-1,
			-1,
			-1,
			-1,
			-1,
			-1,
			-1
		],
		[
			-1,
			-1,
			-1,
			-1,
			-1,
			528,
			529,
			529,
			529,
			529,
			529,
			529,
			529,
			530,
			-1,
			290,
			290,
			290,
			-1,
			-1,
			290,
			290,
			-1,
			-1,
			-1,
			-1,
			-1,
			-1,
			-1,
			-1,
			-1,
			-1
		],
		[
			-1,
			-1,
			-1,
			-1,
			-1,
			528,
			529,
			529,
			529,
			529,
			529,
			529,
			529,
			530,
			-1,
			290,
			290,
			290,
			-1,
			-1,
			290,
			290,
			-1,
			-1,
			884,
			885,
			884,
			885,
			884,
			885,
			884,
			885
		],
		[
			-1,
			-1,
			-1,
			-1,
			-1,
			536,
			537,
			537,
			537,
			537,
			537,
			537,
			537,
			538,
			-1,
			290,
			290,
			290,
			-1,
			-1,
			290,
			290,
			290,
			290,
			892,
			893,
			892,
			893,
			892,
			893,
			892,
			893
		],
		[
			-1,
			-1,
			-1,
			-1,
			-1,
			-1,
			-1,
			-1,
			-1,
			-1,
			-1,
			-1,
			-1,
			-1,
			-1,
			290,
			290,
			290,
			-1,
			-1,
			290,
			290,
			290,
			290,
			900,
			901,
			900,
			901,
			900,
			901,
			900,
			901
		],
		[
			-1,
			-1,
			-1,
			-1,
			-1,
			-1,
			-1,
			-1,
			-1,
			-1,
			-1,
			-1,
			-1,
			-1,
			-1,
			290,
			290,
			290,
			-1,
			-1,
			-1,
			-1,
			-1,
			-1,
			-1,
			-1,
			-1,
			-1,
			-1,
			-1,
			-1,
			-1
		]
	],
	[
		[
			-1,
			-1,
			-1,
			-1,
			-1,
			-1,
			-1,
			-1,
			-1,
			-1,
			-1,
			-1,
			1175,
			-1,
			-1,
			-1,
			-1,
			-1,
			-1,
			-1,
			-1,
			569,
			569,
			569,
			569,
			569,
			569,
			569,
			569,
			569,
			569,
			569
		],
		[
			-1,
			-1,
			-1,
			-1,
			-1,
			-1,
			-1,
			-1,
			-1,
			-1,
			-1,
			-1,
			1183,
			-1,
			-1,
			-1,
			-1,
			-1,
			-1,
			-1,
			-1,
			577,
			577,
			577,
			577,
			577,
			577,
			577,
			577,
			577,
			577,
			577
		],
		[
			-1,
			-1,
			-1,
			-1,
			-1,
			-1,
			-1,
			-1,
			-1,
			-1,
			-1,
			-1,
			-1,
			236,
			-1,
			-1,
			-1,
			-1,
			-1,
			-1,
			-1,
			577,
			577,
			577,
			577,
			577,
			577,
			577,
			577,
			577,
			577,
			577
		],
		[
			-1,
			570,
			570,
			570,
			570,
			570,
			570,
			570,
			570,
			570,
			-1,
			-1,
			-1,
			-1,
			-1,
			-1,
			-1,
			-1,
			-1,
			-1,
			-1,
			585,
			585,
			585,
			585,
			585,
			585,
			585,
			585,
			585,
			585,
			585
		],
		[
			-1,
			578,
			578,
			578,
			578,
			578,
			578,
			578,
			578,
			578,
			-1,
			-1,
			-1,
			-1,
			-1,
			-1,
			-1,
			-1,
			-1,
			-1,
			-1,
			-1,
			-1,
			648,
			649,
			-1,
			-1,
			-1,
			840,
			841,
			842,
			-1
		],
		[
			-1,
			578,
			578,
			578,
			578,
			578,
			578,
			578,
			578,
			578,
			-1,
			-1,
			-1,
			-1,
			-1,
			-1,
			-1,
			-1,
			-1,
			-1,
			-1,
			-1,
			-1,
			-1,
			-1,
			-1,
			-1,
			-1,
			-1,
			-1,
			-1,
			-1
		],
		[
			-1,
			586,
			586,
			586,
			586,
			586,
			586,
			586,
			586,
			586,
			-1,
			-1,
			-1,
			-1,
			-1,
			-1,
			-1,
			-1,
			-1,
			-1,
			-1,
			-1,
			-1,
			-1,
			-1,
			-1,
			-1,
			-1,
			-1,
			-1,
			-1,
			-1
		],
		[
			-1,
			570,
			570,
			570,
			570,
			-1,
			-1,
			-1,
			-1,
			-1,
			-1,
			-1,
			-1,
			-1,
			-1,
			-1,
			-1,
			-1,
			-1,
			-1,
			-1,
			-1,
			-1,
			-1,
			-1,
			-1,
			-1,
			-1,
			-1,
			-1,
			-1,
			-1
		],
		[
			-1,
			578,
			578,
			578,
			578,
			595,
			-1,
			-1,
			595,
			-1,
			-1,
			-1,
			-1,
			-1,
			-1,
			-1,
			-1,
			-1,
			-1,
			-1,
			-1,
			-1,
			-1,
			-1,
			-1,
			-1,
			-1,
			-1,
			-1,
			-1,
			-1,
			-1
		],
		[
			-1,
			578,
			578,
			578,
			578,
			603,
			-1,
			-1,
			603,
			-1,
			-1,
			-1,
			-1,
			-1,
			-1,
			928,
			929,
			930,
			-1,
			-1,
			-1,
			-1,
			-1,
			-1,
			-1,
			-1,
			-1,
			-1,
			-1,
			-1,
			-1,
			-1
		],
		[
			-1,
			586,
			586,
			586,
			586,
			622,
			-1,
			-1,
			623,
			-1,
			-1,
			-1,
			-1,
			-1,
			-1,
			936,
			937,
			938,
			-1,
			-1,
			-1,
			-1,
			-1,
			-1,
			-1,
			-1,
			-1,
			-1,
			-1,
			-1,
			-1,
			-1
		],
		[
			-1,
			-1,
			-1,
			-1,
			-1,
			630,
			-1,
			-1,
			631,
			-1,
			-1,
			-1,
			-1,
			-1,
			-1,
			944,
			945,
			946,
			-1,
			-1,
			-1,
			-1,
			-1,
			-1,
			-1,
			-1,
			-1,
			-1,
			-1,
			-1,
			-1,
			-1
		],
		[
			-1,
			-1,
			595,
			595,
			-1,
			638,
			-1,
			-1,
			639,
			-1,
			-1,
			-1,
			-1,
			-1,
			-1,
			-1,
			-1,
			-1,
			-1,
			-1,
			-1,
			-1,
			-1,
			-1,
			-1,
			-1,
			-1,
			-1,
			-1,
			-1,
			-1,
			-1
		],
		[
			-1,
			-1,
			603,
			603,
			-1,
			-1,
			230,
			231,
			-1,
			-1,
			-1,
			-1,
			-1,
			-1,
			-1,
			-1,
			-1,
			-1,
			-1,
			-1,
			-1,
			-1,
			-1,
			-1,
			-1,
			-1,
			-1,
			-1,
			-1,
			-1,
			-1,
			-1
		],
		[
			-1,
			-1,
			595,
			595,
			-1,
			-1,
			238,
			239,
			-1,
			-1,
			-1,
			-1,
			-1,
			-1,
			-1,
			-1,
			-1,
			-1,
			-1,
			-1,
			-1,
			-1,
			-1,
			-1,
			-1,
			-1,
			-1,
			-1,
			-1,
			-1,
			-1,
			-1
		],
		[
			-1,
			-1,
			603,
			603,
			-1,
			-1,
			-1,
			-1,
			-1,
			-1,
			571,
			571,
			571,
			571,
			-1,
			-1,
			-1,
			-1,
			-1,
			-1,
			-1,
			-1,
			-1,
			-1,
			-1,
			-1,
			-1,
			-1,
			-1,
			-1,
			-1,
			-1
		],
		[
			-1,
			-1,
			-1,
			535,
			-1,
			-1,
			-1,
			-1,
			-1,
			-1,
			579,
			579,
			579,
			579,
			-1,
			-1,
			-1,
			-1,
			-1,
			-1,
			-1,
			-1,
			-1,
			-1,
			-1,
			-1,
			-1,
			-1,
			-1,
			-1,
			-1,
			-1
		],
		[
			-1,
			-1,
			-1,
			543,
			-1,
			-1,
			-1,
			-1,
			-1,
			-1,
			579,
			579,
			579,
			579,
			-1,
			-1,
			-1,
			-1,
			-1,
			-1,
			-1,
			-1,
			-1,
			-1,
			-1,
			-1,
			-1,
			-1,
			-1,
			-1,
			-1,
			-1
		],
		[
			-1,
			-1,
			-1,
			-1,
			-1,
			-1,
			-1,
			-1,
			-1,
			-1,
			587,
			587,
			587,
			587,
			-1,
			-1,
			-1,
			-1,
			-1,
			-1,
			-1,
			-1,
			-1,
			-1,
			-1,
			-1,
			-1,
			-1,
			-1,
			-1,
			-1,
			-1
		],
		[
			-1,
			-1,
			-1,
			-1,
			-1,
			571,
			571,
			571,
			571,
			571,
			571,
			571,
			571,
			571,
			-1,
			-1,
			-1,
			-1,
			-1,
			-1,
			-1,
			-1,
			-1,
			984,
			984,
			984,
			984,
			984,
			984,
			984,
			984,
			-1
		],
		[
			-1,
			-1,
			-1,
			-1,
			-1,
			579,
			579,
			579,
			579,
			579,
			579,
			579,
			579,
			579,
			-1,
			-1,
			-1,
			-1,
			-1,
			-1,
			-1,
			-1,
			-1,
			984,
			984,
			984,
			984,
			984,
			984,
			984,
			984,
			-1
		],
		[
			-1,
			-1,
			-1,
			-1,
			-1,
			579,
			579,
			579,
			579,
			579,
			579,
			579,
			579,
			579,
			-1,
			-1,
			-1,
			-1,
			-1,
			-1,
			-1,
			-1,
			-1,
			984,
			984,
			984,
			984,
			984,
			984,
			984,
			984,
			-1
		],
		[
			-1,
			-1,
			-1,
			-1,
			-1,
			587,
			587,
			587,
			587,
			587,
			587,
			587,
			587,
			587,
			-1,
			-1,
			-1,
			-1,
			-1,
			-1,
			-1,
			-1,
			-1,
			984,
			984,
			984,
			984,
			984,
			984,
			984,
			984,
			-1
		],
		[
			-1,
			-1,
			-1,
			-1,
			-1,
			-1,
			-1,
			-1,
			-1,
			-1,
			-1,
			-1,
			-1,
			-1,
			-1,
			-1,
			-1,
			-1,
			-1,
			-1,
			-1,
			-1,
			-1,
			984,
			984,
			984,
			984,
			984,
			984,
			984,
			984,
			-1
		],
		[
			-1,
			-1,
			-1,
			-1,
			-1,
			-1,
			595,
			-1,
			-1,
			595,
			-1,
			-1,
			595,
			-1,
			-1,
			-1,
			-1,
			-1,
			-1,
			-1,
			-1,
			-1,
			-1,
			-1,
			-1,
			-1,
			-1,
			-1,
			-1,
			-1,
			-1,
			-1
		],
		[
			-1,
			-1,
			-1,
			-1,
			-1,
			-1,
			603,
			-1,
			-1,
			603,
			-1,
			-1,
			603,
			-1,
			-1,
			-1,
			-1,
			-1,
			-1,
			-1,
			-1,
			-1,
			-1,
			-1,
			909,
			909,
			909,
			909,
			909,
			909,
			909,
			909
		],
		[
			-1,
			-1,
			-1,
			-1,
			-1,
			-1,
			623,
			-1,
			-1,
			622,
			-1,
			-1,
			-1,
			-1,
			-1,
			-1,
			-1,
			-1,
			-1,
			-1,
			-1,
			-1,
			-1,
			-1,
			917,
			917,
			917,
			917,
			917,
			917,
			917,
			917
		],
		[
			-1,
			-1,
			-1,
			-1,
			-1,
			-1,
			631,
			-1,
			-1,
			630,
			-1,
			-1,
			-1,
			-1,
			-1,
			-1,
			-1,
			-1,
			-1,
			-1,
			-1,
			-1,
			-1,
			-1,
			917,
			917,
			917,
			917,
			917,
			917,
			917,
			917
		],
		[
			-1,
			-1,
			-1,
			-1,
			-1,
			-1,
			639,
			-1,
			-1,
			638,
			-1,
			-1,
			-1,
			-1,
			-1,
			-1,
			-1,
			-1,
			-1,
			-1,
			-1,
			-1,
			-1,
			-1,
			917,
			917,
			917,
			917,
			917,
			917,
			917,
			917
		],
		[
			-1,
			-1,
			-1,
			-1,
			-1,
			-1,
			-1,
			-1,
			-1,
			-1,
			-1,
			-1,
			-1,
			-1,
			-1,
			-1,
			-1,
			-1,
			-1,
			-1,
			-1,
			-1,
			-1,
			-1,
			925,
			925,
			925,
			925,
			925,
			925,
			925,
			925
		],
		[
			-1,
			-1,
			-1,
			-1,
			-1,
			-1,
			-1,
			-1,
			-1,
			-1,
			-1,
			-1,
			-1,
			-1,
			-1,
			-1,
			-1,
			-1,
			-1,
			-1,
			-1,
			-1,
			-1,
			-1,
			941,
			941,
			941,
			941,
			941,
			941,
			941,
			941
		],
		[
			-1,
			-1,
			-1,
			-1,
			-1,
			-1,
			-1,
			-1,
			-1,
			-1,
			-1,
			-1,
			-1,
			-1,
			-1,
			-1,
			-1,
			-1,
			-1,
			-1,
			-1,
			-1,
			-1,
			-1,
			949,
			949,
			949,
			949,
			949,
			949,
			949,
			949
		]
	],
	
	[
		{
			"Position": [12, 1],
			"TipID": 1183,
			"Type": 1
		},
		
		{
			"Position": [23, 4],
			"TipID": 648,
			"Type": 2
		},
		
		{
			"Position": [24, 4],
			"TipID": 649,
			"Type": 2
		}
	]
]
