[
	[
		[
			1,
			1,
			1,
			1,
			1,
			1,
			1,
			1,
			1,
			1,
			1,
			1,
			1,
			1,
			1,
			1,
			1,
			1,
			1,
			1
		],
		[
			1,
			1,
			1,
			1,
			1,
			1,
			1,
			1,
			1,
			1,
			1,
			1,
			1,
			1,
			1,
			1,
			1,
			1,
			1,
			1
		],
		[
			1,
			1,
			1,
			1,
			1,
			1,
			1,
			1,
			1,
			1,
			1,
			1,
			1,
			1,
			1,
			1,
			1,
			1,
			1,
			1
		],
		[
			1,
			1,
			1,
			1,
			1,
			1,
			1,
			1,
			1,
			1,
			1,
			1,
			1,
			1,
			1,
			1,
			1,
			1,
			1,
			1
		],
		[
			1,
			1,
			1,
			1,
			1,
			1,
			1,
			1,
			1,
			1,
			1,
			1,
			1,
			1,
			1,
			1,
			1,
			1,
			1,
			1
		],
		[
			1,
			1,
			1,
			1,
			1,
			1,
			1,
			1,
			1,
			1,
			1,
			1,
			1,
			1,
			1,
			1,
			1,
			1,
			1,
			1
		],
		[
			1,
			1,
			1,
			1,
			1,
			1,
			1,
			1,
			1,
			1,
			1,
			1,
			1,
			1,
			1,
			1,
			1,
			1,
			1,
			1
		],
		[
			1,
			1,
			1,
			1,
			1,
			1,
			1,
			1,
			1,
			1,
			1,
			1,
			1,
			1,
			1,
			1,
			1,
			1,
			1,
			1
		],
		[
			1,
			1,
			1,
			1,
			1,
			1,
			1,
			1,
			1,
			1,
			1,
			1,
			1,
			1,
			1,
			1,
			1,
			1,
			1,
			1
		],
		[
			1,
			1,
			1,
			1,
			1,
			1,
			1,
			1,
			1,
			1,
			1,
			1,
			1,
			1,
			1,
			1,
			1,
			1,
			1,
			1
		],
		[
			1,
			1,
			1,
			1,
			1,
			1,
			1,
			1,
			1,
			1,
			1,
			1,
			1,
			1,
			1,
			1,
			1,
			1,
			1,
			1
		],
		[
			1,
			1,
			1,
			1,
			1,
			1,
			1,
			1,
			1,
			1,
			1,
			1,
			1,
			1,
			1,
			1,
			1,
			1,
			1,
			1
		],
		[
			1,
			1,
			1,
			1,
			1,
			1,
			1,
			1,
			1,
			1,
			1,
			1,
			1,
			1,
			1,
			1,
			1,
			1,
			1,
			1
		],
		[
			1,
			1,
			1,
			1,
			1,
			1,
			1,
			1,
			1,
			1,
			1,
			1,
			1,
			1,
			1,
			1,
			1,
			1,
			1,
			1
		],
		[
			1,
			1,
			1,
			1,
			1,
			1,
			1,
			1,
			1,
			1,
			1,
			1,
			1,
			1,
			1,
			1,
			1,
			1,
			1,
			1
		],
		[
			1,
			1,
			1,
			1,
			1,
			1,
			1,
			1,
			1,
			1,
			1,
			1,
			1,
			1,
			1,
			1,
			1,
			1,
			1,
			1
		]
	],
	[
		[
			26,
			27,
			26,
			27,
			26,
			27,
			26,
			27,
			26,
			27,
			26,
			27,
			26,
			27,
			26,
			27,
			-1,
			-1,
			26,
			27
		],
		[
			26,
			27,
			18,
			19,
			18,
			19,
			18,
			19,
			18,
			19,
			18,
			19,
			18,
			19,
			18,
			19,
			-1,
			-1,
			26,
			27
		],
		[
			26,
			27,
			-1,
			-1,
			-1,
			-1,
			-1,
			-1,
			-1,
			-1,
			-1,
			-1,
			-1,
			-1,
			-1,
			-1,
			-1,
			-1,
			26,
			27
		],
		[
			26,
			27,
			-1,
			-1,
			-1,
			-1,
			-1,
			-1,
			-1,
			-1,
			-1,
			-1,
			-1,
			-1,
			-1,
			-1,
			-1,
			-1,
			26,
			27
		],
		[
			26,
			27,
			-1,
			-1,
			10,
			11,
			10,
			11,
			10,
			11,
			10,
			11,
			10,
			11,
			10,
			11,
			10,
			11,
			26,
			27
		],
		[
			26,
			27,
			-1,
			-1,
			26,
			27,
			26,
			27,
			26,
			27,
			26,
			27,
			26,
			27,
			26,
			27,
			26,
			27,
			26,
			27
		],
		[
			26,
			27,
			1992,
			1993,
			26,
			27,
			26,
			27,
			26,
			27,
			26,
			27,
			26,
			27,
			26,
			27,
			26,
			27,
			26,
			27
		],
		[
			26,
			27,
			-1,
			-1,
			26,
			27,
			26,
			27,
			26,
			27,
			26,
			27,
			26,
			27,
			26,
			27,
			26,
			27,
			26,
			27
		],
		[
			26,
			27,
			1992,
			1993,
			26,
			27,
			26,
			27,
			26,
			27,
			26,
			27,
			26,
			27,
			26,
			27,
			26,
			27,
			26,
			27
		],
		[
			26,
			27,
			-1,
			-1,
			26,
			27,
			26,
			27,
			26,
			27,
			26,
			27,
			26,
			27,
			26,
			27,
			26,
			27,
			26,
			27
		],
		[
			26,
			27,
			-1,
			-1,
			26,
			27,
			26,
			27,
			26,
			27,
			26,
			27,
			26,
			27,
			26,
			27,
			26,
			27,
			26,
			27
		],
		[
			26,
			27,
			-1,
			-1,
			26,
			27,
			26,
			27,
			26,
			27,
			26,
			27,
			26,
			27,
			26,
			27,
			26,
			27,
			26,
			27
		],
		[
			26,
			27,
			-1,
			-1,
			26,
			27,
			26,
			27,
			26,
			27,
			26,
			27,
			26,
			27,
			26,
			27,
			26,
			27,
			26,
			27
		],
		[
			26,
			27,
			-1,
			-1,
			26,
			27,
			26,
			27,
			26,
			27,
			26,
			27,
			26,
			27,
			26,
			27,
			26,
			27,
			26,
			27
		],
		[
			26,
			27,
			-1,
			-1,
			26,
			27,
			26,
			27,
			26,
			27,
			26,
			27,
			26,
			27,
			26,
			27,
			26,
			27,
			26,
			27
		],
		[
			26,
			27,
			-1,
			-1,
			26,
			27,
			26,
			27,
			26,
			27,
			26,
			27,
			26,
			27,
			26,
			27,
			26,
			27,
			26,
			27
		]
	],
	[
		[
			-1,
			-1,
			-1,
			-1,
			-1,
			-1,
			-1,
			-1,
			-1,
			-1,
			-1,
			-1,
			-1,
			-1,
			-1,
			-1,
			-1,
			-1,
			-1,
			-1
		],
		[
			-1,
			-1,
			-1,
			-1,
			-1,
			-1,
			-1,
			-1,
			-1,
			-1,
			-1,
			-1,
			-1,
			-1,
			-1,
			-1,
			-1,
			-1,
			-1,
			-1
		],
		[
			-1,
			-1,
			-1,
			-1,
			-1,
			-1,
			-1,
			-1,
			-1,
			-1,
			-1,
			-1,
			-1,
			-1,
			-1,
			-1,
			-1,
			-1,
			-1,
			-1
		],
		[
			-1,
			-1,
			-1,
			-1,
			-1,
			-1,
			-1,
			-1,
			-1,
			-1,
			-1,
			-1,
			-1,
			-1,
			-1,
			-1,
			-1,
			-1,
			-1,
			-1
		],
		[
			-1,
			-1,
			-1,
			-1,
			-1,
			-1,
			-1,
			-1,
			-1,
			-1,
			-1,
			-1,
			-1,
			-1,
			-1,
			-1,
			-1,
			-1,
			-1,
			-1
		],
		[
			-1,
			-1,
			-1,
			-1,
			-1,
			-1,
			-1,
			-1,
			-1,
			-1,
			-1,
			-1,
			-1,
			-1,
			-1,
			-1,
			-1,
			-1,
			-1,
			-1
		],
		[
			-1,
			-1,
			10,
			11,
			-1,
			-1,
			-1,
			-1,
			-1,
			-1,
			-1,
			-1,
			-1,
			-1,
			-1,
			-1,
			-1,
			-1,
			-1,
			-1
		],
		[
			-1,
			-1,
			18,
			19,
			-1,
			-1,
			-1,
			-1,
			-1,
			-1,
			-1,
			-1,
			-1,
			-1,
			-1,
			-1,
			-1,
			-1,
			-1,
			-1
		],
		[
			-1,
			-1,
			-1,
			-1,
			-1,
			-1,
			-1,
			-1,
			-1,
			-1,
			-1,
			-1,
			-1,
			-1,
			-1,
			-1,
			-1,
			-1,
			-1,
			-1
		],
		[
			-1,
			-1,
			-1,
			-1,
			-1,
			-1,
			-1,
			-1,
			-1,
			-1,
			-1,
			-1,
			-1,
			-1,
			-1,
			-1,
			-1,
			-1,
			-1,
			-1
		],
		[
			-1,
			-1,
			-1,
			-1,
			-1,
			-1,
			-1,
			-1,
			-1,
			-1,
			-1,
			-1,
			-1,
			-1,
			-1,
			-1,
			-1,
			-1,
			-1,
			-1
		],
		[
			-1,
			-1,
			-1,
			-1,
			-1,
			-1,
			-1,
			-1,
			-1,
			-1,
			-1,
			-1,
			-1,
			-1,
			-1,
			-1,
			-1,
			-1,
			-1,
			-1
		],
		[
			-1,
			-1,
			-1,
			-1,
			-1,
			-1,
			-1,
			-1,
			-1,
			-1,
			-1,
			-1,
			-1,
			-1,
			-1,
			-1,
			-1,
			-1,
			-1,
			-1
		],
		[
			-1,
			-1,
			-1,
			-1,
			-1,
			-1,
			-1,
			-1,
			-1,
			-1,
			-1,
			-1,
			-1,
			-1,
			-1,
			-1,
			-1,
			-1,
			-1,
			-1
		],
		[
			-1,
			-1,
			-1,
			-1,
			-1,
			-1,
			-1,
			-1,
			-1,
			-1,
			-1,
			-1,
			-1,
			-1,
			-1,
			-1,
			-1,
			-1,
			-1,
			-1
		],
		[
			-1,
			-1,
			-1,
			-1,
			-1,
			-1,
			-1,
			-1,
			-1,
			-1,
			-1,
			-1,
			-1,
			-1,
			-1,
			-1,
			-1,
			-1,
			-1,
			-1
		]
	]
]