[
	[
		[
			1,
			1,
			1,
			1,
			1,
			1,
			1,
			1,
			1,
			1,
			1,
			1,
			1,
			1,
			1,
			1,
			1,
			1,
			1,
			1
		],
		[
			1,
			1,
			1,
			1,
			1,
			1,
			1,
			1,
			1,
			1,
			1,
			1,
			1,
			1,
			1,
			1,
			1,
			1,
			1,
			1
		],
		[
			1,
			1,
			1,
			1,
			1,
			1,
			1,
			1,
			1,
			1,
			1,
			1,
			1,
			1,
			1,
			1,
			1,
			1,
			1,
			1
		],
		[
			1,
			1,
			1,
			1,
			1,
			1,
			1,
			1,
			1,
			1,
			1,
			1,
			1,
			1,
			1,
			1,
			1,
			1,
			1,
			1
		],
		[
			1,
			1,
			1,
			1,
			1,
			1,
			1,
			1,
			1,
			1,
			1,
			1,
			1,
			1,
			1,
			1,
			1,
			1,
			1,
			1
		],
		[
			1,
			1,
			1,
			1,
			1,
			1,
			1,
			1,
			1,
			1,
			1,
			1,
			1,
			1,
			1,
			1,
			1,
			1,
			1,
			1
		],
		[
			1,
			1,
			1,
			1,
			1,
			1,
			1,
			1,
			1,
			1,
			1,
			1,
			1,
			1,
			1,
			1,
			1,
			1,
			1,
			1
		],
		[
			1,
			1,
			1,
			1,
			1,
			1,
			1,
			1,
			1,
			1,
			1,
			1,
			1,
			1,
			1,
			1,
			1,
			1,
			1,
			1
		],
		[
			1,
			1,
			1,
			1,
			1,
			1,
			1,
			1,
			1,
			1,
			1,
			1,
			1,
			1,
			1,
			1,
			1,
			1,
			1,
			1
		],
		[
			1,
			1,
			1,
			1,
			1,
			1,
			1,
			1,
			1,
			1,
			1,
			1,
			1,
			1,
			1,
			1,
			1,
			1,
			1,
			1
		],
		[
			1,
			1,
			1,
			1,
			1,
			1,
			1,
			1,
			1,
			1,
			1,
			1,
			1,
			1,
			1,
			1,
			1,
			1,
			1,
			1
		],
		[
			1,
			1,
			1,
			1,
			1,
			1,
			1,
			1,
			1,
			1,
			1,
			1,
			1,
			1,
			1,
			1,
			1,
			1,
			1,
			1
		],
		[
			1,
			1,
			1,
			1,
			1,
			1,
			1,
			1,
			1,
			1,
			1,
			1,
			1,
			1,
			1,
			1,
			1,
			1,
			1,
			1
		],
		[
			1,
			1,
			1,
			1,
			1,
			1,
			1,
			1,
			1,
			1,
			1,
			1,
			1,
			1,
			1,
			1,
			1,
			1,
			1,
			1
		],
		[
			1,
			1,
			1,
			1,
			1,
			1,
			1,
			1,
			1,
			1,
			1,
			1,
			1,
			1,
			1,
			1,
			1,
			1,
			1,
			1
		],
		[
			1,
			1,
			1,
			1,
			1,
			1,
			1,
			1,
			1,
			1,
			1,
			1,
			1,
			1,
			1,
			1,
			1,
			1,
			1,
			1
		]
	],
	[
		[
			26,
			27,
			26,
			27,
			26,
			27,
			26,
			27,
			26,
			27,
			26,
			27,
			26,
			27,
			26,
			27,
			26,
			27,
			26,
			27
		],
		[
			26,
			27,
			18,
			19,
			18,
			19,
			18,
			19,
			18,
			19,
			18,
			19,
			18,
			19,
			18,
			19,
			18,
			19,
			18,
			19
		],
		[
			26,
			27,
			-1,
			-1,
			-1,
			-1,
			-1,
			-1,
			-1,
			-1,
			-1,
			-1,
			-1,
			-1,
			-1,
			-1,
			-1,
			-1,
			-1,
			-1
		],
		[
			26,
			27,
			-1,
			-1,
			-1,
			-1,
			-1,
			-1,
			-1,
			-1,
			-1,
			-1,
			-1,
			-1,
			-1,
			-1,
			-1,
			-1,
			-1,
			-1
		],
		[
			26,
			27,
			-1,
			-1,
			10,
			11,
			10,
			11,
			10,
			11,
			10,
			11,
			10,
			11,
			-1,
			-1,
			10,
			11,
			10,
			11
		],
		[
			18,
			19,
			-1,
			-1,
			26,
			27,
			26,
			27,
			26,
			27,
			26,
			27,
			26,
			27,
			-1,
			-1,
			18,
			19,
			26,
			27
		],
		[
			-1,
			-1,
			-1,
			-1,
			26,
			27,
			26,
			27,
			26,
			27,
			26,
			27,
			26,
			27,
			10,
			11,
			10,
			11,
			26,
			27
		],
		[
			-1,
			-1,
			-1,
			-1,
			26,
			27,
			26,
			27,
			26,
			27,
			26,
			27,
			26,
			27,
			18,
			19,
			18,
			19,
			26,
			27
		],
		[
			10,
			11,
			-1,
			-1,
			26,
			27,
			26,
			27,
			26,
			27,
			26,
			27,
			26,
			27,
			-1,
			-1,
			-1,
			-1,
			26,
			27
		],
		[
			26,
			27,
			-1,
			-1,
			26,
			27,
			26,
			27,
			18,
			19,
			26,
			27,
			26,
			27,
			-1,
			-1,
			-1,
			-1,
			26,
			27
		],
		[
			26,
			27,
			-1,
			-1,
			26,
			27,
			26,
			27,
			923,
			923,
			26,
			27,
			26,
			27,
			-1,
			-1,
			-1,
			-1,
			26,
			27
		],
		[
			26,
			27,
			-1,
			-1,
			26,
			27,
			26,
			27,
			931,
			931,
			26,
			27,
			26,
			27,
			-1,
			-1,
			-1,
			-1,
			26,
			27
		],
		[
			26,
			27,
			-1,
			-1,
			26,
			27,
			26,
			27,
			10,
			11,
			26,
			27,
			26,
			27,
			-1,
			-1,
			-1,
			-1,
			26,
			27
		],
		[
			26,
			27,
			-1,
			-1,
			26,
			27,
			26,
			27,
			26,
			27,
			26,
			27,
			26,
			27,
			-1,
			-1,
			-1,
			-1,
			26,
			27
		],
		[
			26,
			27,
			-1,
			-1,
			26,
			27,
			26,
			27,
			26,
			27,
			26,
			27,
			26,
			27,
			-1,
			-1,
			-1,
			-1,
			26,
			27
		],
		[
			26,
			27,
			-1,
			-1,
			26,
			27,
			26,
			27,
			26,
			27,
			26,
			27,
			26,
			27,
			-1,
			-1,
			-1,
			-1,
			26,
			27
		]
	],
	[
		[
			-1,
			-1,
			-1,
			-1,
			-1,
			-1,
			-1,
			-1,
			-1,
			-1,
			-1,
			-1,
			-1,
			-1,
			-1,
			-1,
			-1,
			-1,
			-1,
			-1
		],
		[
			-1,
			-1,
			-1,
			-1,
			-1,
			-1,
			-1,
			-1,
			-1,
			-1,
			-1,
			-1,
			-1,
			-1,
			-1,
			-1,
			-1,
			-1,
			-1,
			-1
		],
		[
			-1,
			-1,
			-1,
			-1,
			-1,
			-1,
			-1,
			-1,
			-1,
			-1,
			-1,
			-1,
			-1,
			-1,
			-1,
			-1,
			-1,
			-1,
			-1,
			-1
		],
		[
			-1,
			-1,
			-1,
			-1,
			-1,
			-1,
			-1,
			-1,
			-1,
			-1,
			-1,
			-1,
			-1,
			-1,
			-1,
			-1,
			-1,
			-1,
			-1,
			-1
		],
		[
			-1,
			-1,
			-1,
			-1,
			-1,
			-1,
			-1,
			-1,
			-1,
			-1,
			-1,
			-1,
			-1,
			-1,
			-1,
			-1,
			-1,
			-1,
			-1,
			-1
		],
		[
			-1,
			-1,
			-1,
			-1,
			-1,
			-1,
			-1,
			-1,
			-1,
			-1,
			-1,
			-1,
			-1,
			-1,
			-1,
			-1,
			-1,
			-1,
			-1,
			-1
		],
		[
			-1,
			-1,
			-1,
			-1,
			-1,
			-1,
			-1,
			-1,
			-1,
			-1,
			-1,
			-1,
			-1,
			-1,
			-1,
			-1,
			-1,
			-1,
			-1,
			-1
		],
		[
			-1,
			-1,
			-1,
			-1,
			-1,
			-1,
			-1,
			-1,
			-1,
			-1,
			-1,
			-1,
			-1,
			-1,
			-1,
			-1,
			-1,
			-1,
			-1,
			-1
		],
		[
			-1,
			-1,
			-1,
			-1,
			-1,
			-1,
			-1,
			-1,
			-1,
			-1,
			-1,
			-1,
			-1,
			-1,
			-1,
			-1,
			-1,
			-1,
			-1,
			-1
		],
		[
			-1,
			-1,
			-1,
			-1,
			-1,
			-1,
			-1,
			-1,
			-1,
			-1,
			-1,
			-1,
			-1,
			-1,
			-1,
			-1,
			-1,
			-1,
			-1,
			-1
		],
		[
			-1,
			-1,
			-1,
			-1,
			-1,
			-1,
			-1,
			-1,
			-1,
			-1,
			-1,
			-1,
			-1,
			-1,
			-1,
			-1,
			-1,
			-1,
			-1,
			-1
		],
		[
			-1,
			-1,
			-1,
			-1,
			-1,
			-1,
			-1,
			-1,
			-1,
			-1,
			-1,
			-1,
			-1,
			-1,
			-1,
			-1,
			-1,
			-1,
			-1,
			-1
		],
		[
			-1,
			-1,
			-1,
			-1,
			-1,
			-1,
			-1,
			-1,
			-1,
			-1,
			-1,
			-1,
			-1,
			-1,
			-1,
			-1,
			-1,
			-1,
			-1,
			-1
		],
		[
			-1,
			-1,
			-1,
			-1,
			-1,
			-1,
			-1,
			-1,
			-1,
			-1,
			-1,
			-1,
			-1,
			-1,
			-1,
			-1,
			-1,
			-1,
			-1,
			-1
		],
		[
			-1,
			-1,
			-1,
			-1,
			-1,
			-1,
			-1,
			-1,
			-1,
			-1,
			-1,
			-1,
			-1,
			-1,
			-1,
			-1,
			-1,
			-1,
			-1,
			-1
		],
		[
			-1,
			-1,
			-1,
			-1,
			-1,
			-1,
			-1,
			-1,
			-1,
			-1,
			-1,
			-1,
			-1,
			-1,
			-1,
			-1,
			-1,
			-1,
			-1,
			-1
		]
	],
	
	[
		{
			"Position": [2, 15],
			"TipID": 1,
			"Type": 1
		},
		
		{
			"Position": [3, 15],
			"TipID": 1,
			"Type": 1
		},
		
		{
			"Position": [14, 15],
			"TipID": 1,
			"Type": 1
		},
		
		{
			"Position": [15, 15],
			"TipID": 1,
			"Type": 1
		},
		
		{
			"Position": [16, 15],
			"TipID": 1,
			"Type": 1
		},
		
		{
			"Position": [17, 15],
			"TipID": 1,
			"Type": 1
		},
		
		{
			"Position": [0, 6],
			"TipID": 1,
			"Type": 1
		},
		
		{
			"Position": [0, 7],
			"TipID": 1,
			"Type": 1
		},
		
		{
			"Position": [19, 2],
			"TipID": 1,
			"Type": 1
		},
		
		{
			"Position": [19, 3],
			"TipID": 1,
			"Type": 1
		},
		
		{
			"Position": [14, 10],
			"TipID": 1,
			"Type": 1
		},
		
		{
			"Position": [15, 10],
			"TipID": 1,
			"Type": 1
		},
		
		{
			"Position": [16, 10],
			"TipID": 1,
			"Type": 1
		},
		
		{
			"Position": [17, 10],
			"TipID": 1,
			"Type": 1
		}
	]
]