[
	[
		[
			1,
			1,
			1,
			1,
			1,
			1,
			1,
			1,
			1,
			1,
			1,
			1,
			1,
			1,
			1,
			1,
			1,
			1,
			1,
			1
		],
		[
			1,
			1,
			1,
			1,
			1,
			1,
			1,
			1,
			1,
			1,
			1,
			1,
			1,
			1,
			1,
			1,
			1,
			1,
			1,
			1
		],
		[
			1,
			1,
			1,
			1,
			1,
			1,
			1,
			1,
			1,
			1,
			1,
			1,
			1,
			1,
			1,
			1,
			1,
			1,
			1,
			1
		],
		[
			1,
			1,
			1,
			1,
			1,
			1,
			1,
			1,
			1,
			1,
			1,
			1,
			1,
			1,
			1,
			1,
			1,
			1,
			1,
			1
		],
		[
			1,
			1,
			1,
			1,
			1,
			1,
			1,
			1,
			1,
			1,
			1,
			1,
			1,
			1,
			1,
			1,
			1,
			1,
			1,
			1
		],
		[
			1,
			1,
			1,
			1,
			1,
			1,
			1,
			1,
			1,
			1,
			1,
			1,
			1,
			1,
			1,
			1,
			1,
			1,
			1,
			1
		],
		[
			1,
			1,
			1,
			1,
			1,
			1,
			1,
			1,
			1,
			1,
			1,
			1,
			1,
			1,
			1,
			1,
			1,
			1,
			1,
			1
		],
		[
			1,
			1,
			1,
			1,
			1,
			1,
			1,
			1,
			1,
			1,
			1,
			1,
			1,
			1,
			1,
			1,
			1,
			1,
			1,
			1
		],
		[
			1,
			1,
			1,
			1,
			1,
			1,
			1,
			1,
			1,
			1,
			1,
			1,
			1,
			1,
			1,
			1,
			1,
			1,
			1,
			1
		],
		[
			1,
			1,
			1,
			1,
			1,
			1,
			1,
			1,
			1,
			1,
			1,
			1,
			1,
			1,
			1,
			1,
			1,
			1,
			1,
			1
		],
		[
			1,
			1,
			1,
			1,
			1,
			1,
			1,
			1,
			1,
			1,
			1,
			1,
			1,
			1,
			1,
			1,
			1,
			1,
			1,
			1
		],
		[
			1,
			1,
			1,
			1,
			1,
			1,
			1,
			1,
			1,
			1,
			1,
			1,
			1,
			1,
			1,
			1,
			1,
			1,
			1,
			1
		],
		[
			1,
			1,
			1,
			1,
			1,
			1,
			1,
			1,
			1,
			1,
			1,
			1,
			1,
			1,
			1,
			1,
			1,
			1,
			1,
			1
		],
		[
			1,
			1,
			1,
			1,
			1,
			1,
			1,
			1,
			1,
			1,
			1,
			1,
			1,
			1,
			1,
			1,
			1,
			1,
			1,
			1
		],
		[
			1,
			1,
			1,
			1,
			1,
			1,
			1,
			1,
			1,
			1,
			1,
			1,
			1,
			1,
			1,
			1,
			1,
			1,
			1,
			1
		],
		[
			1,
			1,
			1,
			1,
			1,
			1,
			1,
			1,
			1,
			1,
			1,
			1,
			1,
			1,
			1,
			1,
			1,
			1,
			1,
			1
		]
	],
	[
		[
			26,
			27,
			-1,
			-1,
			26,
			27,
			26,
			27,
			26,
			27,
			26,
			27,
			26,
			27,
			-1,
			-1,
			-1,
			-1,
			26,
			27
		],
		[
			26,
			27,
			-1,
			-1,
			18,
			19,
			18,
			19,
			18,
			19,
			18,
			19,
			26,
			27,
			-1,
			-1,
			-1,
			-1,
			26,
			27
		],
		[
			26,
			27,
			-1,
			-1,
			-1,
			-1,
			-1,
			-1,
			-1,
			-1,
			-1,
			-1,
			26,
			27,
			-1,
			-1,
			-1,
			-1,
			26,
			27
		],
		[
			26,
			27,
			-1,
			-1,
			-1,
			-1,
			-1,
			-1,
			-1,
			-1,
			884,
			885,
			18,
			19,
			-1,
			-1,
			-1,
			-1,
			26,
			27
		],
		[
			26,
			27,
			-1,
			-1,
			10,
			11,
			10,
			11,
			10,
			11,
			892,
			893,
			-1,
			-1,
			-1,
			-1,
			-1,
			-1,
			26,
			27
		],
		[
			26,
			27,
			-1,
			-1,
			26,
			27,
			26,
			27,
			26,
			27,
			900,
			901,
			-1,
			-1,
			-1,
			-1,
			-1,
			-1,
			26,
			27
		],
		[
			26,
			27,
			-1,
			-1,
			26,
			27,
			26,
			27,
			26,
			27,
			10,
			11,
			10,
			11,
			-1,
			-1,
			-1,
			-1,
			26,
			27
		],
		[
			26,
			27,
			-1,
			-1,
			26,
			27,
			18,
			19,
			26,
			27,
			26,
			27,
			26,
			27,
			-1,
			-1,
			-1,
			-1,
			26,
			27
		],
		[
			26,
			27,
			10,
			11,
			26,
			27,
			939,
			940,
			26,
			27,
			26,
			27,
			26,
			27,
			-1,
			-1,
			-1,
			-1,
			26,
			27
		],
		[
			26,
			27,
			26,
			27,
			26,
			27,
			947,
			948,
			26,
			27,
			26,
			27,
			26,
			27,
			-1,
			-1,
			-1,
			-1,
			26,
			27
		],
		[
			26,
			27,
			26,
			27,
			26,
			27,
			-1,
			-1,
			26,
			27,
			26,
			27,
			26,
			27,
			-1,
			-1,
			-1,
			-1,
			26,
			27
		],
		[
			26,
			27,
			18,
			19,
			18,
			19,
			-1,
			-1,
			18,
			19,
			18,
			19,
			18,
			19,
			-1,
			-1,
			-1,
			-1,
			18,
			19
		],
		[
			26,
			27,
			-1,
			-1,
			-1,
			-1,
			-1,
			-1,
			-1,
			-1,
			-1,
			-1,
			-1,
			-1,
			-1,
			-1,
			-1,
			-1,
			-1,
			-1
		],
		[
			26,
			27,
			-1,
			-1,
			-1,
			-1,
			-1,
			-1,
			-1,
			-1,
			-1,
			-1,
			-1,
			-1,
			-1,
			-1,
			-1,
			-1,
			-1,
			-1
		],
		[
			26,
			27,
			-1,
			-1,
			10,
			11,
			10,
			11,
			10,
			11,
			10,
			11,
			10,
			11,
			10,
			11,
			10,
			11,
			10,
			11
		],
		[
			18,
			19,
			-1,
			-1,
			18,
			19,
			18,
			19,
			18,
			19,
			18,
			19,
			18,
			19,
			18,
			19,
			18,
			19,
			18,
			19
		]
	],
	[
		[
			-1,
			-1,
			-1,
			-1,
			-1,
			-1,
			-1,
			-1,
			-1,
			-1,
			-1,
			-1,
			-1,
			-1,
			-1,
			-1,
			-1,
			-1,
			-1,
			-1
		],
		[
			-1,
			-1,
			-1,
			-1,
			-1,
			-1,
			-1,
			-1,
			-1,
			-1,
			-1,
			-1,
			-1,
			-1,
			-1,
			-1,
			-1,
			-1,
			-1,
			-1
		],
		[
			-1,
			-1,
			-1,
			-1,
			-1,
			-1,
			-1,
			-1,
			-1,
			-1,
			-1,
			-1,
			-1,
			-1,
			-1,
			-1,
			-1,
			-1,
			-1,
			-1
		],
		[
			-1,
			-1,
			-1,
			-1,
			-1,
			-1,
			-1,
			-1,
			-1,
			-1,
			-1,
			-1,
			-1,
			-1,
			-1,
			-1,
			-1,
			-1,
			-1,
			-1
		],
		[
			-1,
			-1,
			-1,
			-1,
			-1,
			-1,
			-1,
			-1,
			-1,
			-1,
			-1,
			-1,
			-1,
			-1,
			-1,
			-1,
			-1,
			-1,
			-1,
			-1
		],
		[
			-1,
			-1,
			-1,
			-1,
			-1,
			-1,
			-1,
			-1,
			-1,
			-1,
			-1,
			-1,
			-1,
			-1,
			-1,
			-1,
			-1,
			-1,
			-1,
			-1
		],
		[
			-1,
			-1,
			-1,
			-1,
			-1,
			-1,
			-1,
			-1,
			-1,
			-1,
			-1,
			-1,
			-1,
			-1,
			-1,
			-1,
			-1,
			-1,
			-1,
			-1
		],
		[
			-1,
			-1,
			-1,
			-1,
			-1,
			-1,
			-1,
			-1,
			-1,
			-1,
			-1,
			-1,
			-1,
			-1,
			-1,
			-1,
			-1,
			-1,
			-1,
			-1
		],
		[
			-1,
			-1,
			-1,
			-1,
			-1,
			-1,
			-1,
			-1,
			-1,
			-1,
			-1,
			-1,
			-1,
			-1,
			-1,
			-1,
			-1,
			-1,
			-1,
			-1
		],
		[
			-1,
			-1,
			-1,
			-1,
			-1,
			-1,
			-1,
			-1,
			-1,
			-1,
			-1,
			-1,
			-1,
			-1,
			-1,
			-1,
			-1,
			-1,
			-1,
			-1
		],
		[
			-1,
			-1,
			-1,
			-1,
			-1,
			-1,
			-1,
			-1,
			-1,
			-1,
			-1,
			-1,
			-1,
			-1,
			-1,
			-1,
			-1,
			-1,
			-1,
			-1
		],
		[
			-1,
			-1,
			-1,
			-1,
			-1,
			-1,
			-1,
			-1,
			-1,
			-1,
			-1,
			-1,
			-1,
			-1,
			-1,
			-1,
			-1,
			-1,
			882,
			883
		],
		[
			-1,
			-1,
			-1,
			-1,
			-1,
			-1,
			-1,
			-1,
			-1,
			-1,
			-1,
			-1,
			-1,
			-1,
			-1,
			-1,
			-1,
			-1,
			890,
			891
		],
		[
			-1,
			-1,
			-1,
			-1,
			-1,
			-1,
			-1,
			-1,
			-1,
			-1,
			-1,
			-1,
			-1,
			-1,
			-1,
			-1,
			-1,
			-1,
			898,
			899
		],
		[
			-1,
			-1,
			-1,
			-1,
			-1,
			-1,
			-1,
			-1,
			-1,
			-1,
			-1,
			-1,
			-1,
			-1,
			-1,
			-1,
			-1,
			-1,
			-1,
			-1
		],
		[
			-1,
			-1,
			-1,
			-1,
			-1,
			-1,
			-1,
			-1,
			-1,
			-1,
			-1,
			-1,
			-1,
			-1,
			-1,
			-1,
			-1,
			-1,
			-1,
			-1
		]
	],
	
	[
		{
			"Position": [2, 15],
			"TipID": 1,
			"Type": 1
		},
		
		{
			"Position": [3, 15],
			"TipID": 1,
			"Type": 1
		},
		
		{
			"Position": [6, 9],
			"TipID": 947,
			"Type": 2
		},
		
		{
			"Position": [7, 9],
			"TipID": 948,
			"Type": 2
		},
		
		{
			"Position": [2, 0],
			"TipID": 1,
			"Type": 1
		},
		
		{
			"Position": [3, 0],
			"TipID": 1,
			"Type": 1
		},
		
		{
			"Position": [14, 0],
			"TipID": 1,
			"Type": 1
		},
		
		{
			"Position": [15, 0],
			"TipID": 1,
			"Type": 1
		},
		
		{
			"Position": [16, 0],
			"TipID": 1,
			"Type": 1
		},
		
		{
			"Position": [17, 0],
			"TipID": 1,
			"Type": 1
		}
	]
]